[WARN] Your node_modules are out of sync with your lockfile. The workspace structure has changed since last install
$ next build
▲ Next.js 16.3.0 (Turbopack)
✓ Running next.config.ts took 33ms

  Creating an optimized production build ...
✓ Compiled successfully in 1030ms
  Running TypeScript ...
  Finished TypeScript in 1899ms ...
  Collecting page data using 15 workers ...
  Generating static pages using 15 workers (0/12) ...
  Generating static pages using 15 workers (3/12)
  Generating static pages using 15 workers (6/12)
  Generating static pages using 15 workers (9/12)
✓ Generating static pages using 15 workers (12/12) in 214ms
  Finalizing page optimization ...

Route (app)
┌ ƒ /
├ ƒ /_not-found
├ ƒ /accounts/[id]
├ ƒ /accounts/new
├ ƒ /action-proposals/[id]
├ ƒ /dashboard
├ ƒ /decision-center
├ ƒ /email-verification
├ ƒ /extension
├ ƒ /login
├ ƒ /privacy
├ ƒ /projects/[id]
├ ƒ /projects/[id]/history
├ ƒ /projects/new
├ ƒ /tasks/[id]
├ ƒ /tasks/[id]/collection-dashboard
└ ƒ /terms


ƒ Proxy (Middleware)

ƒ  (Dynamic)  server-rendered on demand
